// Jest Snapshot v1, https://goo.gl/fbAQLP

exports[`Render image 1`] = `
<div>
  <ul
    class="MuiGridList-root"
    style="margin: -2px;"
  >
    <li
      class="MuiGridListTile-root makeStyles-root-1"
      style="width: 50%; height: 184px; padding: 2px;"
    >
      <div
        class="MuiGridListTile-tile"
      >
        <div
          class="MuiSkeleton-root MuiSkeleton-rect MuiSkeleton-animate"
          style="width: 100%; height: 100%;"
        />
      </div>
    </li>
  </ul>
</div>
`;
